// Jest Snapshot v1, https://goo.gl/fbAQLP

exports[`Pages LoginPage should render 1`] = `<Connect(LoginForm) />`;
