// Jest Snapshot v1, https://goo.gl/fbAQLP

exports[`Pages Home should render 1`] = `
<p>
  Homepage
</p>
`;
