// Jest Snapshot v1, https://goo.gl/fbAQLP

exports[`Pages OTPPage should render 1`] = `
<p>
  OTP Page here
</p>
`;
